// Jest Snapshot v1, https://goo.gl/fbAQLP

exports[`Test Button component [Render] match snapshot 1`] = `
<div
  className="button-root"
  data-testid="button"
>
  <button
    onClick={[Function]}
    onMouseDown={[Function]}
    onMouseLeave={[Function]}
    onMouseUp={[Function]}
  >
    <span>
      <svg
        color="#1e9fd2"
        fill="currentColor"
        height={30}
        stroke="currentColor"
        strokeWidth="0"
        style={
          {
            "color": "#1e9fd2",
          }
        }
        viewBox="0 0 1024 1024"
        width={30}
        xmlns="http://www.w3.org/2000/svg"
      >
        <path
          d="M872 474H152c-4.4 0-8 3.6-8 8v60c0 4.4 3.6 8 8 8h720c4.4 0 8-3.6 8-8v-60c0-4.4-3.6-8-8-8z"
        />
      </svg>
    </span>
  </button>
</div>
`;
