// Jest Snapshot v1, https://goo.gl/fbAQLP

exports[`Test Button component [Render] match snapshot 1`] = `
<div
  className="roomAllocation-root"
  data-testid="roomAllocation"
>
  <div
    className="roomAllocation-root__room-info-wrap"
  >
    <div
      className="total-guest-room"
    >
      住客人數 : 
      10
       人 / 
      3
       房
    </div>
    <div
      className="yet-distribute-counter"
    >
      尚未分配人數 : 
      10
       人
    </div>
  </div>
  <div
    className="roomAllocation-root__guest-input-wrap"
  >
    <div
      className="roomAllocation-root__guest-input-wrap__room"
    >
      <div
        className="counter"
      >
        房間 : 
        1
         人
      </div>
      <div
        className="row"
      >
        <div
          className="guest-type"
        >
          <p>
            大人
          </p>
          <span>
            年齡 20+
          </span>
        </div>
        <div
          className="input-number-root"
          data-testid="customInputNumber"
        >
          <div
            className="button-root"
            data-testid="button"
          >
            <button
              data-disabled={false}
              onClick={[Function]}
              onMouseDown={[Function]}
              onMouseLeave={[Function]}
              onMouseUp={[Function]}
            >
              <span>
                <svg
                  color="#1e9fd2"
                  fill="currentColor"
                  height={30}
                  stroke="currentColor"
                  strokeWidth="0"
                  style={
                    {
                      "color": "#1e9fd2",
                    }
                  }
                  viewBox="0 0 1024 1024"
                  width={30}
                  xmlns="http://www.w3.org/2000/svg"
                >
                  <path
                    d="M872 474H152c-4.4 0-8 3.6-8 8v60c0 4.4 3.6 8 8 8h720c4.4 0 8-3.6 8-8v-60c0-4.4-3.6-8-8-8z"
                  />
                </svg>
              </span>
            </button>
          </div>
          <input
            data-disabled={false}
            data-testid="customInputNumber-input"
            disabled={false}
            name="CustomInputNumber"
            onBlur={[Function]}
            onChange={[Function]}
            value={1}
          />
          <div
            className="button-root"
            data-testid="button"
          >
            <button
              data-disabled={false}
              onClick={[Function]}
              onMouseDown={[Function]}
              onMouseLeave={[Function]}
              onMouseUp={[Function]}
            >
              <span>
                <svg
                  color="#1e9fd2"
                  fill="currentColor"
                  height={30}
                  stroke="currentColor"
                  strokeWidth="0"
                  style={
                    {
                      "color": "#1e9fd2",
                    }
                  }
                  t="1551322312294"
                  version="1.1"
                  viewBox="0 0 1024 1024"
                  width={30}
                  xmlns="http://www.w3.org/2000/svg"
                >
                  <defs />
                  <path
                    d="M474 152m8 0l60 0q8 0 8 8l0 704q0 8-8 8l-60 0q-8 0-8-8l0-704q0-8 8-8Z"
                  />
                  <path
                    d="M168 474m8 0l672 0q8 0 8 8l0 60q0 8-8 8l-672 0q-8 0-8-8l0-60q0-8 8-8Z"
                  />
                </svg>
              </span>
            </button>
          </div>
        </div>
      </div>
      <div
        className="row"
      >
        <div
          className="guest-type"
        >
          <p>
            小孩
          </p>
        </div>
        <div
          className="input-number-root"
          data-testid="customInputNumber"
        >
          <div
            className="button-root"
            data-testid="button"
          >
            <button
              data-disabled={false}
              onClick={[Function]}
              onMouseDown={[Function]}
              onMouseLeave={[Function]}
              onMouseUp={[Function]}
            >
              <span>
                <svg
                  color="#1e9fd2"
                  fill="currentColor"
                  height={30}
                  stroke="currentColor"
                  strokeWidth="0"
                  style={
                    {
                      "color": "#1e9fd2",
                    }
                  }
                  viewBox="0 0 1024 1024"
                  width={30}
                  xmlns="http://www.w3.org/2000/svg"
                >
                  <path
                    d="M872 474H152c-4.4 0-8 3.6-8 8v60c0 4.4 3.6 8 8 8h720c4.4 0 8-3.6 8-8v-60c0-4.4-3.6-8-8-8z"
                  />
                </svg>
              </span>
            </button>
          </div>
          <input
            data-disabled={false}
            data-testid="customInputNumber-input"
            disabled={false}
            name="CustomInputNumber"
            onBlur={[Function]}
            onChange={[Function]}
            value={0}
          />
          <div
            className="button-root"
            data-testid="button"
          >
            <button
              data-disabled={false}
              onClick={[Function]}
              onMouseDown={[Function]}
              onMouseLeave={[Function]}
              onMouseUp={[Function]}
            >
              <span>
                <svg
                  color="#1e9fd2"
                  fill="currentColor"
                  height={30}
                  stroke="currentColor"
                  strokeWidth="0"
                  style={
                    {
                      "color": "#1e9fd2",
                    }
                  }
                  t="1551322312294"
                  version="1.1"
                  viewBox="0 0 1024 1024"
                  width={30}
                  xmlns="http://www.w3.org/2000/svg"
                >
                  <defs />
                  <path
                    d="M474 152m8 0l60 0q8 0 8 8l0 704q0 8-8 8l-60 0q-8 0-8-8l0-704q0-8 8-8Z"
                  />
                  <path
                    d="M168 474m8 0l672 0q8 0 8 8l0 60q0 8-8 8l-672 0q-8 0-8-8l0-60q0-8 8-8Z"
                  />
                </svg>
              </span>
            </button>
          </div>
        </div>
      </div>
    </div>
    <div
      className="roomAllocation-root__guest-input-wrap__room"
    >
      <div
        className="counter"
      >
        房間 : 
        1
         人
      </div>
      <div
        className="row"
      >
        <div
          className="guest-type"
        >
          <p>
            大人
          </p>
          <span>
            年齡 20+
          </span>
        </div>
        <div
          className="input-number-root"
          data-testid="customInputNumber"
        >
          <div
            className="button-root"
            data-testid="button"
          >
            <button
              data-disabled={false}
              onClick={[Function]}
              onMouseDown={[Function]}
              onMouseLeave={[Function]}
              onMouseUp={[Function]}
            >
              <span>
                <svg
                  color="#1e9fd2"
                  fill="currentColor"
                  height={30}
                  stroke="currentColor"
                  strokeWidth="0"
                  style={
                    {
                      "color": "#1e9fd2",
                    }
                  }
                  viewBox="0 0 1024 1024"
                  width={30}
                  xmlns="http://www.w3.org/2000/svg"
                >
                  <path
                    d="M872 474H152c-4.4 0-8 3.6-8 8v60c0 4.4 3.6 8 8 8h720c4.4 0 8-3.6 8-8v-60c0-4.4-3.6-8-8-8z"
                  />
                </svg>
              </span>
            </button>
          </div>
          <input
            data-disabled={false}
            data-testid="customInputNumber-input"
            disabled={false}
            name="CustomInputNumber"
            onBlur={[Function]}
            onChange={[Function]}
            value={1}
          />
          <div
            className="button-root"
            data-testid="button"
          >
            <button
              data-disabled={false}
              onClick={[Function]}
              onMouseDown={[Function]}
              onMouseLeave={[Function]}
              onMouseUp={[Function]}
            >
              <span>
                <svg
                  color="#1e9fd2"
                  fill="currentColor"
                  height={30}
                  stroke="currentColor"
                  strokeWidth="0"
                  style={
                    {
                      "color": "#1e9fd2",
                    }
                  }
                  t="1551322312294"
                  version="1.1"
                  viewBox="0 0 1024 1024"
                  width={30}
                  xmlns="http://www.w3.org/2000/svg"
                >
                  <defs />
                  <path
                    d="M474 152m8 0l60 0q8 0 8 8l0 704q0 8-8 8l-60 0q-8 0-8-8l0-704q0-8 8-8Z"
                  />
                  <path
                    d="M168 474m8 0l672 0q8 0 8 8l0 60q0 8-8 8l-672 0q-8 0-8-8l0-60q0-8 8-8Z"
                  />
                </svg>
              </span>
            </button>
          </div>
        </div>
      </div>
      <div
        className="row"
      >
        <div
          className="guest-type"
        >
          <p>
            小孩
          </p>
        </div>
        <div
          className="input-number-root"
          data-testid="customInputNumber"
        >
          <div
            className="button-root"
            data-testid="button"
          >
            <button
              data-disabled={false}
              onClick={[Function]}
              onMouseDown={[Function]}
              onMouseLeave={[Function]}
              onMouseUp={[Function]}
            >
              <span>
                <svg
                  color="#1e9fd2"
                  fill="currentColor"
                  height={30}
                  stroke="currentColor"
                  strokeWidth="0"
                  style={
                    {
                      "color": "#1e9fd2",
                    }
                  }
                  viewBox="0 0 1024 1024"
                  width={30}
                  xmlns="http://www.w3.org/2000/svg"
                >
                  <path
                    d="M872 474H152c-4.4 0-8 3.6-8 8v60c0 4.4 3.6 8 8 8h720c4.4 0 8-3.6 8-8v-60c0-4.4-3.6-8-8-8z"
                  />
                </svg>
              </span>
            </button>
          </div>
          <input
            data-disabled={false}
            data-testid="customInputNumber-input"
            disabled={false}
            name="CustomInputNumber"
            onBlur={[Function]}
            onChange={[Function]}
            value={0}
          />
          <div
            className="button-root"
            data-testid="button"
          >
            <button
              data-disabled={false}
              onClick={[Function]}
              onMouseDown={[Function]}
              onMouseLeave={[Function]}
              onMouseUp={[Function]}
            >
              <span>
                <svg
                  color="#1e9fd2"
                  fill="currentColor"
                  height={30}
                  stroke="currentColor"
                  strokeWidth="0"
                  style={
                    {
                      "color": "#1e9fd2",
                    }
                  }
                  t="1551322312294"
                  version="1.1"
                  viewBox="0 0 1024 1024"
                  width={30}
                  xmlns="http://www.w3.org/2000/svg"
                >
                  <defs />
                  <path
                    d="M474 152m8 0l60 0q8 0 8 8l0 704q0 8-8 8l-60 0q-8 0-8-8l0-704q0-8 8-8Z"
                  />
                  <path
                    d="M168 474m8 0l672 0q8 0 8 8l0 60q0 8-8 8l-672 0q-8 0-8-8l0-60q0-8 8-8Z"
                  />
                </svg>
              </span>
            </button>
          </div>
        </div>
      </div>
    </div>
    <div
      className="roomAllocation-root__guest-input-wrap__room"
    >
      <div
        className="counter"
      >
        房間 : 
        1
         人
      </div>
      <div
        className="row"
      >
        <div
          className="guest-type"
        >
          <p>
            大人
          </p>
          <span>
            年齡 20+
          </span>
        </div>
        <div
          className="input-number-root"
          data-testid="customInputNumber"
        >
          <div
            className="button-root"
            data-testid="button"
          >
            <button
              data-disabled={false}
              onClick={[Function]}
              onMouseDown={[Function]}
              onMouseLeave={[Function]}
              onMouseUp={[Function]}
            >
              <span>
                <svg
                  color="#1e9fd2"
                  fill="currentColor"
                  height={30}
                  stroke="currentColor"
                  strokeWidth="0"
                  style={
                    {
                      "color": "#1e9fd2",
                    }
                  }
                  viewBox="0 0 1024 1024"
                  width={30}
                  xmlns="http://www.w3.org/2000/svg"
                >
                  <path
                    d="M872 474H152c-4.4 0-8 3.6-8 8v60c0 4.4 3.6 8 8 8h720c4.4 0 8-3.6 8-8v-60c0-4.4-3.6-8-8-8z"
                  />
                </svg>
              </span>
            </button>
          </div>
          <input
            data-disabled={false}
            data-testid="customInputNumber-input"
            disabled={false}
            name="CustomInputNumber"
            onBlur={[Function]}
            onChange={[Function]}
            value={1}
          />
          <div
            className="button-root"
            data-testid="button"
          >
            <button
              data-disabled={false}
              onClick={[Function]}
              onMouseDown={[Function]}
              onMouseLeave={[Function]}
              onMouseUp={[Function]}
            >
              <span>
                <svg
                  color="#1e9fd2"
                  fill="currentColor"
                  height={30}
                  stroke="currentColor"
                  strokeWidth="0"
                  style={
                    {
                      "color": "#1e9fd2",
                    }
                  }
                  t="1551322312294"
                  version="1.1"
                  viewBox="0 0 1024 1024"
                  width={30}
                  xmlns="http://www.w3.org/2000/svg"
                >
                  <defs />
                  <path
                    d="M474 152m8 0l60 0q8 0 8 8l0 704q0 8-8 8l-60 0q-8 0-8-8l0-704q0-8 8-8Z"
                  />
                  <path
                    d="M168 474m8 0l672 0q8 0 8 8l0 60q0 8-8 8l-672 0q-8 0-8-8l0-60q0-8 8-8Z"
                  />
                </svg>
              </span>
            </button>
          </div>
        </div>
      </div>
      <div
        className="row"
      >
        <div
          className="guest-type"
        >
          <p>
            小孩
          </p>
        </div>
        <div
          className="input-number-root"
          data-testid="customInputNumber"
        >
          <div
            className="button-root"
            data-testid="button"
          >
            <button
              data-disabled={false}
              onClick={[Function]}
              onMouseDown={[Function]}
              onMouseLeave={[Function]}
              onMouseUp={[Function]}
            >
              <span>
                <svg
                  color="#1e9fd2"
                  fill="currentColor"
                  height={30}
                  stroke="currentColor"
                  strokeWidth="0"
                  style={
                    {
                      "color": "#1e9fd2",
                    }
                  }
                  viewBox="0 0 1024 1024"
                  width={30}
                  xmlns="http://www.w3.org/2000/svg"
                >
                  <path
                    d="M872 474H152c-4.4 0-8 3.6-8 8v60c0 4.4 3.6 8 8 8h720c4.4 0 8-3.6 8-8v-60c0-4.4-3.6-8-8-8z"
                  />
                </svg>
              </span>
            </button>
          </div>
          <input
            data-disabled={false}
            data-testid="customInputNumber-input"
            disabled={false}
            name="CustomInputNumber"
            onBlur={[Function]}
            onChange={[Function]}
            value={0}
          />
          <div
            className="button-root"
            data-testid="button"
          >
            <button
              data-disabled={false}
              onClick={[Function]}
              onMouseDown={[Function]}
              onMouseLeave={[Function]}
              onMouseUp={[Function]}
            >
              <span>
                <svg
                  color="#1e9fd2"
                  fill="currentColor"
                  height={30}
                  stroke="currentColor"
                  strokeWidth="0"
                  style={
                    {
                      "color": "#1e9fd2",
                    }
                  }
                  t="1551322312294"
                  version="1.1"
                  viewBox="0 0 1024 1024"
                  width={30}
                  xmlns="http://www.w3.org/2000/svg"
                >
                  <defs />
                  <path
                    d="M474 152m8 0l60 0q8 0 8 8l0 704q0 8-8 8l-60 0q-8 0-8-8l0-704q0-8 8-8Z"
                  />
                  <path
                    d="M168 474m8 0l672 0q8 0 8 8l0 60q0 8-8 8l-672 0q-8 0-8-8l0-60q0-8 8-8Z"
                  />
                </svg>
              </span>
            </button>
          </div>
        </div>
      </div>
    </div>
  </div>
</div>
`;
